// Jest Snapshot v1, https://goo.gl/fbAQLP

exports[`resolve getDirectoryPaths can resolve dir paths 1`] = `
{
  "/world": {
    "directoryShortid": undefined,
    "shortid": "dir1",
    "title": "world",
  },
  "/world/hello": {
    "directoryShortid": "dir1",
    "shortid": "dir2",
    "title": "hello",
  },
}
`;
